../Core/Src/main.c:102:6:beeper_noise	40	static
../Core/Src/main.c:117:6:DC_MotorTask	24	static
../Core/Src/main.c:131:6:beeperTask	24	static
../Core/Src/main.c:145:6:LEDTask	24	static
../Core/Src/main.c:164:6:usbRecieveData	16	static
../Core/Src/main.c:171:6:USBTask	24	static
../Core/Src/main.c:194:5:main	16	static
../Core/Src/main.c:300:6:SystemClock_Config	88	static
../Core/Src/main.c:345:6:PeriphCommonClock_Config	32	static
../Core/Src/main.c:366:13:MX_I2C1_Init	8	static
../Core/Src/main.c:400:13:MX_I2S2_Init	8	static
../Core/Src/main.c:434:13:MX_I2S3_Init	8	static
../Core/Src/main.c:468:13:MX_SPI1_Init	8	static
../Core/Src/main.c:506:13:MX_TIM3_Init	64	static
../Core/Src/main.c:577:13:MX_TIM5_Init	64	static
../Core/Src/main.c:636:13:MX_GPIO_Init	56	static
../Core/Src/main.c:732:6:StartDefaultTask	16	static
../Core/Src/main.c:752:6:HAL_TIM_PeriodElapsedCallback	16	static
../Core/Src/main.c:769:6:Error_Handler	4	static,ignoring_inline_asm
